{
	"function":"set_attributes",
	"modifiers":[
		{
			"name":"Armor",
			"attribute":"generic.armor",
			"operation":"addition",
			"amount":5,
			"slot":"chest"
		}
	]
}
