{
	"function":"set_attributes",
	"modifiers":[
		{
			"name":"Attack Speed",
			"attribute":"generic.attack_speed",
			"operation":"addition",
			"amount":-3,
			"slot":"mainhand"
		}
	]
}
