{
  "function":"set_nbt",
  "tag":"{Rarity:0,Name:\"Golden Pickaxe\"}"
}
