{
  "pools": [
    {
      "rolls": 1,
      "entries": [
        {
          "type": "item",
          "name": "minecraft:golden_helmet",
          "functions": [
            {
              "function": "minecraft:set_nbt",
              "tag": "{Base:{Vanilla:1b,Type:\"HELMET\",Rarity:\"COMMON\",RarityColor:'{\"text\":\"\",\"color\":\"white\"}',AnvilUses:0,RepairCost:0,Enchantments:[],Reforge:\"\",Defense:10,BaseDefense:10},HideFlags:63,Unbreakable:1b,display:{Name:'[{\"text\":\"Golden Helmet\",\"color\":\"white\",\"italic\":false}]',Lore:['[{\"text\":\"Defense: \",\"color\":\"gray\",\"italic\":false},{\"text\":\"+10\",\"color\":\"green\",\"italic\":false}]','[{\"text\":\"\"}]','[{\"text\":\"This item can be reforged!\",\"color\":\"dark_gray\",\"italic\":false}]','[{\"text\":\"COMMON HELMET\",\"color\":\"white\",\"italic\":false,\"bold\":true}]']}}"
            },
            {
                "function": "minecraft:set_attributes",
                "modifiers": [
                  {
                    "attribute": "minecraft:generic.armor",
                    "name": "",
                    "amount": 0,
                    "operation": "multiply_total",
                    "slot": ["feet","legs","chest","head"]
                  }
                ]
            }
          ]
        }
      ]
    },
    {
      "rolls": 1,
      "entries": [
        {
          "type": "item",
          "name": "minecraft:golden_chestplate",
          "functions": [
            {
              "function": "minecraft:set_nbt",
              "tag": "{Base:{Vanilla:1b,Type:\"CHESTPLATE\",Rarity:\"COMMON\",RarityColor:'{\"text\":\"\",\"color\":\"white\"}',AnvilUses:0,RepairCost:0,Enchantments:[],Reforge:\"\",Defense:25,BaseDefense:25},HideFlags:63,Unbreakable:1b,display:{Name:'[{\"text\":\"Golden Chestplate\",\"color\":\"white\",\"italic\":false}]',Lore:['[{\"text\":\"Defense: \",\"color\":\"gray\",\"italic\":false},{\"text\":\"+25\",\"color\":\"green\",\"italic\":false}]','[{\"text\":\"\"}]','[{\"text\":\"This item can be reforged!\",\"color\":\"dark_gray\",\"italic\":false}]','[{\"text\":\"COMMON CHESTPLATE\",\"color\":\"white\",\"italic\":false,\"bold\":true}]']}}"
            },
            {
                "function": "minecraft:set_attributes",
                "modifiers": [
                  {
                    "attribute": "minecraft:generic.armor",
                    "name": "",
                    "amount": 0,
                    "operation": "multiply_total",
                    "slot": ["feet","legs","chest","head"]
                  }
                ]
            }
          ]
        }
      ]
    },
    {
      "rolls": 1,
      "entries": [
        {
          "type": "item",
          "name": "minecraft:golden_leggings",
          "functions": [
            {
              "function": "minecraft:set_nbt",
              "tag": "{Base:{Vanilla:1b,Type:\"LEGGINGS\",Rarity:\"COMMON\",RarityColor:'{\"text\":\"\",\"color\":\"white\"}',AnvilUses:0,RepairCost:0,Enchantments:[],Reforge:\"\",Defense:15,BaseDefense:15},HideFlags:63,Unbreakable:1b,display:{Name:'[{\"text\":\"Golden Leggings\",\"color\":\"white\",\"italic\":false}]',Lore:['[{\"text\":\"Defense: \",\"color\":\"gray\",\"italic\":false},{\"text\":\"+15\",\"color\":\"green\",\"italic\":false}]','[{\"text\":\"\"}]','[{\"text\":\"This item can be reforged!\",\"color\":\"dark_gray\",\"italic\":false}]','[{\"text\":\"COMMON LEGGINGS\",\"color\":\"white\",\"italic\":false,\"bold\":true}]']}}"
            },
            {
                "function": "minecraft:set_attributes",
                "modifiers": [
                  {
                    "attribute": "minecraft:generic.armor",
                    "name": "",
                    "amount": 0,
                    "operation": "multiply_total",
                    "slot": ["feet","legs","chest","head"]
                  }
                ]
            }
          ]
        }
      ]
    },
    {
      "rolls": 1,
      "entries": [
        {
          "type": "item",
          "name": "minecraft:golden_boots",
          "functions": [
            {
              "function": "minecraft:set_nbt",
              "tag": "{Base:{Vanilla:1b,Type:\"BOOTS\",Rarity:\"COMMON\",RarityColor:'{\"text\":\"\",\"color\":\"white\"}',AnvilUses:0,RepairCost:0,Enchantments:[],Reforge:\"\",Defense:5,BaseDefense:5},HideFlags:63,Unbreakable:1b,display:{Name:'[{\"text\":\"Golden Boots\",\"color\":\"white\",\"italic\":false}]',Lore:['[{\"text\":\"Defense: \",\"color\":\"gray\",\"italic\":false},{\"text\":\"+5\",\"color\":\"green\",\"italic\":false}]','[{\"text\":\"\"}]','[{\"text\":\"This item can be reforged!\",\"color\":\"dark_gray\",\"italic\":false}]','[{\"text\":\"COMMON BOOTS\",\"color\":\"white\",\"italic\":false,\"bold\":true}]']}}"
            },
            {
                "function": "minecraft:set_attributes",
                "modifiers": [
                  {
                    "attribute": "minecraft:generic.armor",
                    "name": "",
                    "amount": 0,
                    "operation": "multiply_total",
                    "slot": ["feet","legs","chest","head"]
                  }
                ]
            }
          ]
        }
      ]
    }
  ]
}